{"theorem": "SP1Clean.Audit.BranchCompilerRoundTrip.joined",
 "scope": "one local Branch chip table; no assembled channel balance",
 "sailEvidence":
 "full official try_step and normal ExecutionStep proved in Lean; not executed by this driver",
 "rowWidth": 46,
 "rowNextPc": 69628,
 "rowIsReal": 1,
 "rowCount": 1,
 "instructionWord": 2116062947,
 "flatConstraintCheck": true,
 "event":
 {"taken": true,
  "rs2Value": 0,
  "rs2": 2,
  "rs1Value": 0,
  "rs1": 1,
  "previousRs2Clock": 0,
  "previousRs1Clock": 0,
  "pc": 65536,
  "opcode": 40,
  "nextPc": 69628,
  "immediate": 4092,
  "clock": 1},
 "constraintCount": 50,
 "compiled": true}
